<html>
<body>
<pre>
<h1>µVision Build Log</h1>
<h2>Tool Versions:</h2>
IDE-Version: µVision V5.24.2.0
Copyright (C) 2017 ARM Ltd and ARM Germany GmbH. All rights reserved.
License Information: zineb el azzouzi, POLYTECH NICE, LIC=----
 
Tool Versions:
Toolchain:       MDK-Lite  Version: 5.24.1
Toolchain Path:  C:\Keil_v5\ARM\ARMCC\Bin
C Compiler:      Armcc.exe V5.06 update 5 (build 528)
Assembler:       Armasm.exe V5.06 update 5 (build 528)
Linker/Locator:  ArmLink.exe V5.06 update 5 (build 528)
Library Manager: ArmAr.exe V5.06 update 5 (build 528)
Hex Converter:   FromElf.exe V5.06 update 5 (build 528)
CPU DLL:         SARMCM3.DLL V5.24.1
Dialog DLL:      DCM.DLL V1.16.0.0
Target DLL:      STLink\ST-LINKIII-KEIL_SWO.dll V3.0.1.0
Dialog DLL:      TCM.DLL V1.32.0.0
 
<h2>Project:</h2>
C:\Users\user\Documents\GitHub\ProjetDroneAmour\code\ProjetDroneAmour\Boards\ST\NUCLEO-L152RE\Blinky\main.uvprojx
Project File Date:  01/28/2018

<h2>Output:</h2>
*** Using Compiler 'V5.06 update 5 (build 528)', folder: 'C:\Keil_v5\ARM\ARMCC\Bin'
Rebuild target 'STM32L152 Flash'
compiling Retarget.c...
compiling main.c...
compiling Serial.c...
compiling Buttons_NUCLEO_L152RE.c...
assembling startup_stm32l1xx_xl.s...
compiling LED_NUCLEO_L152RE.c...
compiling system_stm32l1xx.c...
linking...
Program Size: Code=1792 RO-data=328 RW-data=44 ZI-data=1028  
".\Flash\Blinky.axf" - 0 Error(s), 0 Warning(s).

<h2>Software Packages used:</h2>

Package Vendor: ARM
                http://www.keil.com/pack/ARM.CMSIS.5.2.0.pack
                ARM.CMSIS.5.2.0
                CMSIS (Cortex Microcontroller Software Interface Standard)
   * Component: CORE Version: 5.0.2

Package Vendor: Keil
                http://www.keil.com/pack/Keil.MDK-Middleware.7.5.0.pack
                Keil.MDK-Middleware.7.5.0
                Middleware for Keil MDK-Professional and MDK-Plus
   * Component: LED Version: 1.0.0
   * Component: Buttons Version: 1.0.0

Package Vendor: Keil
                http://www.keil.com/pack/Keil.STM32L1xx_DFP.1.0.2.pack
                Keil.STM32L1xx_DFP.1.0.2
                STMicroelectronics STM32L1 Series Device Support and Examples
   * Component: Startup Version: 1.0.0

Package Vendor: Keil
                http://www.keil.com/pack/Keil.STM32NUCLEO_BSP.1.6.0.pack
                Keil.STM32NUCLEO_BSP.1.6.0
                STMicroelectronics Nucleo Boards Support and Examples
   * Component: LED Version: 1.0.0
   * Component: Buttons Version: 1.0.0

<h2>Collection of Component include folders:</h2>
  .\RTE\_STM32L152_Flash
  C:\Keil_v5\ARM\PACK\ARM\CMSIS\5.2.0\CMSIS\Include
  C:\Keil_v5\ARM\PACK\Keil\MDK-Middleware\7.5.0\Board
  C:\Keil_v5\ARM\PACK\Keil\STM32L1xx_DFP\1.0.2\Device\Include

<h2>Collection of Component Files used:</h2>

   * Component: Keil::Device:Startup:1.0.0
      Source file:   Device\Source\ARM\STM32L1xx_XL_OPT.s
      Include file:  Device\Include\stm32l1xx.h
      Source file:   Device\Source\ARM\startup_stm32l1xx_xl.s
      Source file:   Device\Source\system_stm32l1xx.c

   * Component: Keil.NUCLEO-L152RE::Board Support:LED:1.0.0
      Source file:   Boards\ST\NUCLEO-L152RE\Common\LED_NUCLEO_L152RE.c

   * Component: Keil.NUCLEO-L152RE::Board Support:Buttons:1.0.0
      Source file:   Boards\ST\NUCLEO-L152RE\Common\Buttons_NUCLEO_L152RE.c

   * Component: ARM::CMSIS:CORE:5.0.2

   * Component: ::Board Support:LED:1.0.0 (API)
      Include file:  Board\Board_LED.h

   * Component: ::Board Support:Buttons:1.0.0 (API)
      Include file:  Board\Board_Buttons.h
Build Time Elapsed:  00:00:01
</pre>
</body>
</html>
