Component: ARM Compiler 5.06 update 5 (build 528) Tool: armlink [4d35e2]

==============================================================================

Section Cross References

    retarget.o(.text) refers to serial.o(.text) for SER_PutChar
    main.o(.text) refers to led_nucleo_l152re.o(.text) for LED_GetCount
    main.o(.text) refers to system_stm32l1xx.o(.text) for SystemCoreClockUpdate
    main.o(.text) refers to buttons_nucleo_l152re.o(.text) for Buttons_Initialize
    main.o(.text) refers to serial.o(.text) for SER_Initialize
    main.o(.text) refers to printfb.o(i.__0printf$bare) for __2printf
    main.o(.text) refers to main.o(.data) for msTicks
    main.o(.text) refers to system_stm32l1xx.o(.data) for SystemCoreClock
    led_nucleo_l152re.o(.text) refers to led_nucleo_l152re.o(.constdata) for led_mask
    system_stm32l1xx.o(.text) refers to system_stm32l1xx.o(.data) for SystemCoreClock
    startup_stm32l1xx_xl.o(RESET) refers to startup_stm32l1xx_xl.o(STACK) for __initial_sp
    startup_stm32l1xx_xl.o(RESET) refers to startup_stm32l1xx_xl.o(.text) for Reset_Handler
    startup_stm32l1xx_xl.o(RESET) refers to main.o(.text) for SysTick_Handler
    startup_stm32l1xx_xl.o(.text) refers to system_stm32l1xx.o(.text) for SystemInit
    startup_stm32l1xx_xl.o(.text) refers to entry.o(.ARM.Collect$$$$00000000) for __main
    entry.o(.ARM.Collect$$$$00000000) refers (Special) to entry10a.o(.ARM.Collect$$$$0000000D) for __rt_final_cpp
    entry.o(.ARM.Collect$$$$00000000) refers (Special) to entry11a.o(.ARM.Collect$$$$0000000F) for __rt_final_exit
    entry.o(.ARM.Collect$$$$00000000) refers (Special) to entry7b.o(.ARM.Collect$$$$00000008) for _main_clock
    entry.o(.ARM.Collect$$$$00000000) refers (Special) to entry8b.o(.ARM.Collect$$$$0000000A) for _main_cpp_init
    entry.o(.ARM.Collect$$$$00000000) refers (Special) to entry9a.o(.ARM.Collect$$$$0000000B) for _main_init
    entry.o(.ARM.Collect$$$$00000000) refers (Special) to entry5.o(.ARM.Collect$$$$00000004) for _main_scatterload
    entry.o(.ARM.Collect$$$$00000000) refers (Special) to entry2.o(.ARM.Collect$$$$00000001) for _main_stk
    printfb.o(i.__0fprintf$bare) refers to printfb.o(i._printf_core) for _printf_core
    printfb.o(i.__0fprintf$bare) refers to retarget.o(.text) for fputc
    printfb.o(i.__0printf$bare) refers to printfb.o(i._printf_core) for _printf_core
    printfb.o(i.__0printf$bare) refers to retarget.o(.text) for fputc
    printfb.o(i.__0printf$bare) refers to retarget.o(.data) for __stdout
    printfb.o(i.__0snprintf$bare) refers to printfb.o(i._printf_core) for _printf_core
    printfb.o(i.__0snprintf$bare) refers to printfb.o(i._snputc) for _snputc
    printfb.o(i.__0sprintf$bare) refers to printfb.o(i._printf_core) for _printf_core
    printfb.o(i.__0sprintf$bare) refers to printfb.o(i._sputc) for _sputc
    printfb.o(i.__0vfprintf$bare) refers to printfb.o(i._printf_core) for _printf_core
    printfb.o(i.__0vfprintf$bare) refers to retarget.o(.text) for fputc
    printfb.o(i.__0vprintf$bare) refers to printfb.o(i._printf_core) for _printf_core
    printfb.o(i.__0vprintf$bare) refers to retarget.o(.text) for fputc
    printfb.o(i.__0vprintf$bare) refers to retarget.o(.data) for __stdout
    printfb.o(i.__0vsnprintf$bare) refers to printfb.o(i._printf_core) for _printf_core
    printfb.o(i.__0vsnprintf$bare) refers to printfb.o(i._snputc) for _snputc
    printfb.o(i.__0vsprintf$bare) refers to printfb.o(i._printf_core) for _printf_core
    printfb.o(i.__0vsprintf$bare) refers to printfb.o(i._sputc) for _sputc
    printf0.o(i.__0fprintf$0) refers to printf0.o(i._printf_core) for _printf_core
    printf0.o(i.__0fprintf$0) refers to retarget.o(.text) for fputc
    printf0.o(i.__0printf$0) refers to printf0.o(i._printf_core) for _printf_core
    printf0.o(i.__0printf$0) refers to retarget.o(.text) for fputc
    printf0.o(i.__0printf$0) refers to retarget.o(.data) for __stdout
    printf0.o(i.__0snprintf$0) refers to printf0.o(i._printf_core) for _printf_core
    printf0.o(i.__0snprintf$0) refers to printf0.o(i._snputc) for _snputc
    printf0.o(i.__0sprintf$0) refers to printf0.o(i._printf_core) for _printf_core
    printf0.o(i.__0sprintf$0) refers to printf0.o(i._sputc) for _sputc
    printf0.o(i.__0vfprintf$0) refers to printf0.o(i._printf_core) for _printf_core
    printf0.o(i.__0vfprintf$0) refers to retarget.o(.text) for fputc
    printf0.o(i.__0vprintf$0) refers to printf0.o(i._printf_core) for _printf_core
    printf0.o(i.__0vprintf$0) refers to retarget.o(.text) for fputc
    printf0.o(i.__0vprintf$0) refers to retarget.o(.data) for __stdout
    printf0.o(i.__0vsnprintf$0) refers to printf0.o(i._printf_core) for _printf_core
    printf0.o(i.__0vsnprintf$0) refers to printf0.o(i._snputc) for _snputc
    printf0.o(i.__0vsprintf$0) refers to printf0.o(i._printf_core) for _printf_core
    printf0.o(i.__0vsprintf$0) refers to printf0.o(i._sputc) for _sputc
    printf1.o(i.__0fprintf$1) refers to printf1.o(i._printf_core) for _printf_core
    printf1.o(i.__0fprintf$1) refers to retarget.o(.text) for fputc
    printf1.o(i.__0printf$1) refers to printf1.o(i._printf_core) for _printf_core
    printf1.o(i.__0printf$1) refers to retarget.o(.text) for fputc
    printf1.o(i.__0printf$1) refers to retarget.o(.data) for __stdout
    printf1.o(i.__0snprintf$1) refers to printf1.o(i._printf_core) for _printf_core
    printf1.o(i.__0snprintf$1) refers to printf1.o(i._snputc) for _snputc
    printf1.o(i.__0sprintf$1) refers to printf1.o(i._printf_core) for _printf_core
    printf1.o(i.__0sprintf$1) refers to printf1.o(i._sputc) for _sputc
    printf1.o(i.__0vfprintf$1) refers to printf1.o(i._printf_core) for _printf_core
    printf1.o(i.__0vfprintf$1) refers to retarget.o(.text) for fputc
    printf1.o(i.__0vprintf$1) refers to printf1.o(i._printf_core) for _printf_core
    printf1.o(i.__0vprintf$1) refers to retarget.o(.text) for fputc
    printf1.o(i.__0vprintf$1) refers to retarget.o(.data) for __stdout
    printf1.o(i.__0vsnprintf$1) refers to printf1.o(i._printf_core) for _printf_core
    printf1.o(i.__0vsnprintf$1) refers to printf1.o(i._snputc) for _snputc
    printf1.o(i.__0vsprintf$1) refers to printf1.o(i._printf_core) for _printf_core
    printf1.o(i.__0vsprintf$1) refers to printf1.o(i._sputc) for _sputc
    printf1.o(i._printf_core) refers to uidiv.o(.text) for __aeabi_uidivmod
    printf2.o(i.__0fprintf$2) refers to printf2.o(i._printf_core) for _printf_core
    printf2.o(i.__0fprintf$2) refers to retarget.o(.text) for fputc
    printf2.o(i.__0printf$2) refers to printf2.o(i._printf_core) for _printf_core
    printf2.o(i.__0printf$2) refers to retarget.o(.text) for fputc
    printf2.o(i.__0printf$2) refers to retarget.o(.data) for __stdout
    printf2.o(i.__0snprintf$2) refers to printf2.o(i._printf_core) for _printf_core
    printf2.o(i.__0snprintf$2) refers to printf2.o(i._snputc) for _snputc
    printf2.o(i.__0sprintf$2) refers to printf2.o(i._printf_core) for _printf_core
    printf2.o(i.__0sprintf$2) refers to printf2.o(i._sputc) for _sputc
    printf2.o(i.__0vfprintf$2) refers to printf2.o(i._printf_core) for _printf_core
    printf2.o(i.__0vfprintf$2) refers to retarget.o(.text) for fputc
    printf2.o(i.__0vprintf$2) refers to printf2.o(i._printf_core) for _printf_core
    printf2.o(i.__0vprintf$2) refers to retarget.o(.text) for fputc
    printf2.o(i.__0vprintf$2) refers to retarget.o(.data) for __stdout
    printf2.o(i.__0vsnprintf$2) refers to printf2.o(i._printf_core) for _printf_core
    printf2.o(i.__0vsnprintf$2) refers to printf2.o(i._snputc) for _snputc
    printf2.o(i.__0vsprintf$2) refers to printf2.o(i._printf_core) for _printf_core
    printf2.o(i.__0vsprintf$2) refers to printf2.o(i._sputc) for _sputc
    printf3.o(i.__0fprintf$3) refers to printf3.o(i._printf_core) for _printf_core
    printf3.o(i.__0fprintf$3) refers to retarget.o(.text) for fputc
    printf3.o(i.__0printf$3) refers to printf3.o(i._printf_core) for _printf_core
    printf3.o(i.__0printf$3) refers to retarget.o(.text) for fputc
    printf3.o(i.__0printf$3) refers to retarget.o(.data) for __stdout
    printf3.o(i.__0snprintf$3) refers to printf3.o(i._printf_core) for _printf_core
    printf3.o(i.__0snprintf$3) refers to printf3.o(i._snputc) for _snputc
    printf3.o(i.__0sprintf$3) refers to printf3.o(i._printf_core) for _printf_core
    printf3.o(i.__0sprintf$3) refers to printf3.o(i._sputc) for _sputc
    printf3.o(i.__0vfprintf$3) refers to printf3.o(i._printf_core) for _printf_core
    printf3.o(i.__0vfprintf$3) refers to retarget.o(.text) for fputc
    printf3.o(i.__0vprintf$3) refers to printf3.o(i._printf_core) for _printf_core
    printf3.o(i.__0vprintf$3) refers to retarget.o(.text) for fputc
    printf3.o(i.__0vprintf$3) refers to retarget.o(.data) for __stdout
    printf3.o(i.__0vsnprintf$3) refers to printf3.o(i._printf_core) for _printf_core
    printf3.o(i.__0vsnprintf$3) refers to printf3.o(i._snputc) for _snputc
    printf3.o(i.__0vsprintf$3) refers to printf3.o(i._printf_core) for _printf_core
    printf3.o(i.__0vsprintf$3) refers to printf3.o(i._sputc) for _sputc
    printf3.o(i._printf_core) refers to uidiv.o(.text) for __aeabi_uidivmod
    printf4.o(i.__0fprintf$4) refers to printf4.o(i._printf_core) for _printf_core
    printf4.o(i.__0fprintf$4) refers to retarget.o(.text) for fputc
    printf4.o(i.__0printf$4) refers to printf4.o(i._printf_core) for _printf_core
    printf4.o(i.__0printf$4) refers to retarget.o(.text) for fputc
    printf4.o(i.__0printf$4) refers to retarget.o(.data) for __stdout
    printf4.o(i.__0snprintf$4) refers to printf4.o(i._printf_core) for _printf_core
    printf4.o(i.__0snprintf$4) refers to printf4.o(i._snputc) for _snputc
    printf4.o(i.__0sprintf$4) refers to printf4.o(i._printf_core) for _printf_core
    printf4.o(i.__0sprintf$4) refers to printf4.o(i._sputc) for _sputc
    printf4.o(i.__0vfprintf$4) refers to printf4.o(i._printf_core) for _printf_core
    printf4.o(i.__0vfprintf$4) refers to retarget.o(.text) for fputc
    printf4.o(i.__0vprintf$4) refers to printf4.o(i._printf_core) for _printf_core
    printf4.o(i.__0vprintf$4) refers to retarget.o(.text) for fputc
    printf4.o(i.__0vprintf$4) refers to retarget.o(.data) for __stdout
    printf4.o(i.__0vsnprintf$4) refers to printf4.o(i._printf_core) for _printf_core
    printf4.o(i.__0vsnprintf$4) refers to printf4.o(i._snputc) for _snputc
    printf4.o(i.__0vsprintf$4) refers to printf4.o(i._printf_core) for _printf_core
    printf4.o(i.__0vsprintf$4) refers to printf4.o(i._sputc) for _sputc
    printf4.o(i._printf_core) refers to uldiv.o(.text) for __aeabi_uldivmod
    printf5.o(i.__0fprintf$5) refers to printf5.o(i._printf_core) for _printf_core
    printf5.o(i.__0fprintf$5) refers to retarget.o(.text) for fputc
    printf5.o(i.__0printf$5) refers to printf5.o(i._printf_core) for _printf_core
    printf5.o(i.__0printf$5) refers to retarget.o(.text) for fputc
    printf5.o(i.__0printf$5) refers to retarget.o(.data) for __stdout
    printf5.o(i.__0snprintf$5) refers to printf5.o(i._printf_core) for _printf_core
    printf5.o(i.__0snprintf$5) refers to printf5.o(i._snputc) for _snputc
    printf5.o(i.__0sprintf$5) refers to printf5.o(i._printf_core) for _printf_core
    printf5.o(i.__0sprintf$5) refers to printf5.o(i._sputc) for _sputc
    printf5.o(i.__0vfprintf$5) refers to printf5.o(i._printf_core) for _printf_core
    printf5.o(i.__0vfprintf$5) refers to retarget.o(.text) for fputc
    printf5.o(i.__0vprintf$5) refers to printf5.o(i._printf_core) for _printf_core
    printf5.o(i.__0vprintf$5) refers to retarget.o(.text) for fputc
    printf5.o(i.__0vprintf$5) refers to retarget.o(.data) for __stdout
    printf5.o(i.__0vsnprintf$5) refers to printf5.o(i._printf_core) for _printf_core
    printf5.o(i.__0vsnprintf$5) refers to printf5.o(i._snputc) for _snputc
    printf5.o(i.__0vsprintf$5) refers to printf5.o(i._printf_core) for _printf_core
    printf5.o(i.__0vsprintf$5) refers to printf5.o(i._sputc) for _sputc
    printf5.o(i._printf_core) refers to uldiv.o(.text) for __aeabi_uldivmod
    printf6.o(i.__0fprintf$6) refers to printf6.o(i._printf_core) for _printf_core
    printf6.o(i.__0fprintf$6) refers to retarget.o(.text) for fputc
    printf6.o(i.__0printf$6) refers to printf6.o(i._printf_core) for _printf_core
    printf6.o(i.__0printf$6) refers to retarget.o(.text) for fputc
    printf6.o(i.__0printf$6) refers to retarget.o(.data) for __stdout
    printf6.o(i.__0snprintf$6) refers to printf6.o(i._printf_core) for _printf_core
    printf6.o(i.__0snprintf$6) refers to printf6.o(i._snputc) for _snputc
    printf6.o(i.__0sprintf$6) refers to printf6.o(i._printf_core) for _printf_core
    printf6.o(i.__0sprintf$6) refers to printf6.o(i._sputc) for _sputc
    printf6.o(i.__0vfprintf$6) refers to printf6.o(i._printf_core) for _printf_core
    printf6.o(i.__0vfprintf$6) refers to retarget.o(.text) for fputc
    printf6.o(i.__0vprintf$6) refers to printf6.o(i._printf_core) for _printf_core
    printf6.o(i.__0vprintf$6) refers to retarget.o(.text) for fputc
    printf6.o(i.__0vprintf$6) refers to retarget.o(.data) for __stdout
    printf6.o(i.__0vsnprintf$6) refers to printf6.o(i._printf_core) for _printf_core
    printf6.o(i.__0vsnprintf$6) refers to printf6.o(i._snputc) for _snputc
    printf6.o(i.__0vsprintf$6) refers to printf6.o(i._printf_core) for _printf_core
    printf6.o(i.__0vsprintf$6) refers to printf6.o(i._sputc) for _sputc
    printf6.o(i._printf_core) refers to printf6.o(i._printf_pre_padding) for _printf_pre_padding
    printf6.o(i._printf_core) refers to uidiv.o(.text) for __aeabi_uidivmod
    printf6.o(i._printf_core) refers to printf6.o(i._printf_post_padding) for _printf_post_padding
    printf7.o(i.__0fprintf$7) refers to printf7.o(i._printf_core) for _printf_core
    printf7.o(i.__0fprintf$7) refers to retarget.o(.text) for fputc
    printf7.o(i.__0printf$7) refers to printf7.o(i._printf_core) for _printf_core
    printf7.o(i.__0printf$7) refers to retarget.o(.text) for fputc
    printf7.o(i.__0printf$7) refers to retarget.o(.data) for __stdout
    printf7.o(i.__0snprintf$7) refers to printf7.o(i._printf_core) for _printf_core
    printf7.o(i.__0snprintf$7) refers to printf7.o(i._snputc) for _snputc
    printf7.o(i.__0sprintf$7) refers to printf7.o(i._printf_core) for _printf_core
    printf7.o(i.__0sprintf$7) refers to printf7.o(i._sputc) for _sputc
    printf7.o(i.__0vfprintf$7) refers to printf7.o(i._printf_core) for _printf_core
    printf7.o(i.__0vfprintf$7) refers to retarget.o(.text) for fputc
    printf7.o(i.__0vprintf$7) refers to printf7.o(i._printf_core) for _printf_core
    printf7.o(i.__0vprintf$7) refers to retarget.o(.text) for fputc
    printf7.o(i.__0vprintf$7) refers to retarget.o(.data) for __stdout
    printf7.o(i.__0vsnprintf$7) refers to printf7.o(i._printf_core) for _printf_core
    printf7.o(i.__0vsnprintf$7) refers to printf7.o(i._snputc) for _snputc
    printf7.o(i.__0vsprintf$7) refers to printf7.o(i._printf_core) for _printf_core
    printf7.o(i.__0vsprintf$7) refers to printf7.o(i._sputc) for _sputc
    printf7.o(i._printf_core) refers to printf7.o(i._printf_pre_padding) for _printf_pre_padding
    printf7.o(i._printf_core) refers to uldiv.o(.text) for __aeabi_uldivmod
    printf7.o(i._printf_core) refers to printf7.o(i._printf_post_padding) for _printf_post_padding
    printf8.o(i.__0fprintf$8) refers to printf8.o(i._printf_core) for _printf_core
    printf8.o(i.__0fprintf$8) refers to retarget.o(.text) for fputc
    printf8.o(i.__0printf$8) refers to printf8.o(i._printf_core) for _printf_core
    printf8.o(i.__0printf$8) refers to retarget.o(.text) for fputc
    printf8.o(i.__0printf$8) refers to retarget.o(.data) for __stdout
    printf8.o(i.__0snprintf$8) refers to printf8.o(i._printf_core) for _printf_core
    printf8.o(i.__0snprintf$8) refers to printf8.o(i._snputc) for _snputc
    printf8.o(i.__0sprintf$8) refers to printf8.o(i._printf_core) for _printf_core
    printf8.o(i.__0sprintf$8) refers to printf8.o(i._sputc) for _sputc
    printf8.o(i.__0vfprintf$8) refers to printf8.o(i._printf_core) for _printf_core
    printf8.o(i.__0vfprintf$8) refers to retarget.o(.text) for fputc
    printf8.o(i.__0vprintf$8) refers to printf8.o(i._printf_core) for _printf_core
    printf8.o(i.__0vprintf$8) refers to retarget.o(.text) for fputc
    printf8.o(i.__0vprintf$8) refers to retarget.o(.data) for __stdout
    printf8.o(i.__0vsnprintf$8) refers to printf8.o(i._printf_core) for _printf_core
    printf8.o(i.__0vsnprintf$8) refers to printf8.o(i._snputc) for _snputc
    printf8.o(i.__0vsprintf$8) refers to printf8.o(i._printf_core) for _printf_core
    printf8.o(i.__0vsprintf$8) refers to printf8.o(i._sputc) for _sputc
    printf8.o(i._printf_core) refers to printf8.o(i._printf_pre_padding) for _printf_pre_padding
    printf8.o(i._printf_core) refers to uldiv.o(.text) for __aeabi_uldivmod
    printf8.o(i._printf_core) refers to printf8.o(i._printf_post_padding) for _printf_post_padding
    printfa.o(i.__0fprintf) refers (Special) to iusefp.o(.text) for __I$use$fp
    printfa.o(i.__0fprintf) refers to printfa.o(i._printf_core) for _printf_core
    printfa.o(i.__0fprintf) refers to retarget.o(.text) for fputc
    printfa.o(i.__0printf) refers (Special) to iusefp.o(.text) for __I$use$fp
    printfa.o(i.__0printf) refers to printfa.o(i._printf_core) for _printf_core
    printfa.o(i.__0printf) refers to retarget.o(.text) for fputc
    printfa.o(i.__0printf) refers to retarget.o(.data) for __stdout
    printfa.o(i.__0snprintf) refers (Special) to iusefp.o(.text) for __I$use$fp
    printfa.o(i.__0snprintf) refers to printfa.o(i._printf_core) for _printf_core
    printfa.o(i.__0snprintf) refers to printfa.o(i._snputc) for _snputc
    printfa.o(i.__0sprintf) refers (Special) to iusefp.o(.text) for __I$use$fp
    printfa.o(i.__0sprintf) refers to printfa.o(i._printf_core) for _printf_core
    printfa.o(i.__0sprintf) refers to printfa.o(i._sputc) for _sputc
    printfa.o(i.__0vfprintf) refers (Special) to iusefp.o(.text) for __I$use$fp
    printfa.o(i.__0vfprintf) refers to printfa.o(i._printf_core) for _printf_core
    printfa.o(i.__0vfprintf) refers to retarget.o(.text) for fputc
    printfa.o(i.__0vprintf) refers (Special) to iusefp.o(.text) for __I$use$fp
    printfa.o(i.__0vprintf) refers to printfa.o(i._printf_core) for _printf_core
    printfa.o(i.__0vprintf) refers to retarget.o(.text) for fputc
    printfa.o(i.__0vprintf) refers to retarget.o(.data) for __stdout
    printfa.o(i.__0vsnprintf) refers (Special) to iusefp.o(.text) for __I$use$fp
    printfa.o(i.__0vsnprintf) refers to printfa.o(i._printf_core) for _printf_core
    printfa.o(i.__0vsnprintf) refers to printfa.o(i._snputc) for _snputc
    printfa.o(i.__0vsprintf) refers (Special) to iusefp.o(.text) for __I$use$fp
    printfa.o(i.__0vsprintf) refers to printfa.o(i._printf_core) for _printf_core
    printfa.o(i.__0vsprintf) refers to printfa.o(i._sputc) for _sputc
    printfa.o(i._fp_digits) refers (Special) to iusefp.o(.text) for __I$use$fp
    printfa.o(i._fp_digits) refers to dmul.o(.text) for __aeabi_dmul
    printfa.o(i._fp_digits) refers to ddiv.o(.text) for __aeabi_ddiv
    printfa.o(i._fp_digits) refers to cdrcmple.o(.text) for __aeabi_cdrcmple
    printfa.o(i._fp_digits) refers to dadd.o(.text) for __aeabi_dadd
    printfa.o(i._fp_digits) refers to dfixul.o(.text) for __aeabi_d2ulz
    printfa.o(i._fp_digits) refers to uldiv.o(.text) for __aeabi_uldivmod
    printfa.o(i._printf_core) refers (Special) to iusefp.o(.text) for __I$use$fp
    printfa.o(i._printf_core) refers to printfa.o(i._printf_pre_padding) for _printf_pre_padding
    printfa.o(i._printf_core) refers to uldiv.o(.text) for __aeabi_uldivmod
    printfa.o(i._printf_core) refers to printfa.o(i._printf_post_padding) for _printf_post_padding
    printfa.o(i._printf_core) refers to printfa.o(i._fp_digits) for _fp_digits
    printfa.o(i._printf_core) refers to uidiv.o(.text) for __aeabi_uidivmod
    printfa.o(i._printf_post_padding) refers (Special) to iusefp.o(.text) for __I$use$fp
    printfa.o(i._printf_pre_padding) refers (Special) to iusefp.o(.text) for __I$use$fp
    printfa.o(i._snputc) refers (Special) to iusefp.o(.text) for __I$use$fp
    printfa.o(i._sputc) refers (Special) to iusefp.o(.text) for __I$use$fp
    entry2.o(.ARM.Collect$$$$00000001) refers to entry2.o(.ARM.Collect$$$$00002712) for __lit__00000000
    entry2.o(.ARM.Collect$$$$00002712) refers to startup_stm32l1xx_xl.o(STACK) for __initial_sp
    entry2.o(__vectab_stack_and_reset_area) refers to startup_stm32l1xx_xl.o(STACK) for __initial_sp
    entry2.o(__vectab_stack_and_reset_area) refers to entry.o(.ARM.Collect$$$$00000000) for __main
    entry5.o(.ARM.Collect$$$$00000004) refers to init.o(.text) for __scatterload
    entry9a.o(.ARM.Collect$$$$0000000B) refers to main.o(.text) for main
    entry9b.o(.ARM.Collect$$$$0000000C) refers to main.o(.text) for main
    uldiv.o(.text) refers to llushr.o(.text) for __aeabi_llsr
    uldiv.o(.text) refers to llshl.o(.text) for __aeabi_llsl
    dadd.o(.text) refers to llshl.o(.text) for __aeabi_llsl
    dadd.o(.text) refers to llsshr.o(.text) for __aeabi_lasr
    dadd.o(.text) refers to depilogue.o(.text) for _double_epilogue
    dmul.o(.text) refers to depilogue.o(.text) for _double_epilogue
    ddiv.o(.text) refers to depilogue.o(.text) for _double_round
    dfixul.o(.text) refers to llushr.o(.text) for __aeabi_llsr
    dfixul.o(.text) refers to llshl.o(.text) for __aeabi_llsl
    init.o(.text) refers to entry5.o(.ARM.Collect$$$$00000004) for __main_after_scatterload
    depilogue.o(.text) refers to llshl.o(.text) for __aeabi_llsl
    depilogue.o(.text) refers to llushr.o(.text) for __aeabi_llsr


==============================================================================

Removing Unused input sections from the image.

    Removing serial.o(.rev16_text), (4 bytes).
    Removing serial.o(.revsh_text), (4 bytes).
    Removing serial.o(.rrx_text), (6 bytes).
    Removing main.o(.rev16_text), (4 bytes).
    Removing main.o(.revsh_text), (4 bytes).
    Removing main.o(.rrx_text), (6 bytes).
    Removing buttons_nucleo_l152re.o(.rev16_text), (4 bytes).
    Removing buttons_nucleo_l152re.o(.revsh_text), (4 bytes).
    Removing buttons_nucleo_l152re.o(.rrx_text), (6 bytes).
    Removing led_nucleo_l152re.o(.rev16_text), (4 bytes).
    Removing led_nucleo_l152re.o(.revsh_text), (4 bytes).
    Removing led_nucleo_l152re.o(.rrx_text), (6 bytes).
    Removing system_stm32l1xx.o(.rev16_text), (4 bytes).
    Removing system_stm32l1xx.o(.revsh_text), (4 bytes).
    Removing system_stm32l1xx.o(.rrx_text), (6 bytes).
    Removing startup_stm32l1xx_xl.o(HEAP), (512 bytes).
    Removing dadd.o(.text), (334 bytes).
    Removing dmul.o(.text), (228 bytes).
    Removing ddiv.o(.text), (222 bytes).
    Removing dfixul.o(.text), (48 bytes).
    Removing cdrcmple.o(.text), (48 bytes).
    Removing depilogue.o(.text), (186 bytes).

22 unused section(s) (total 1648 bytes) removed from the image.

==============================================================================

Image Symbol Table

    Local Symbols

    Symbol Name                              Value     Ov Type        Size  Object(Section)

    ../clib/microlib/division.c              0x00000000   Number         0  uldiv.o ABSOLUTE
    ../clib/microlib/division.c              0x00000000   Number         0  uidiv.o ABSOLUTE
    ../clib/microlib/init/entry.s            0x00000000   Number         0  entry8b.o ABSOLUTE
    ../clib/microlib/init/entry.s            0x00000000   Number         0  entry10a.o ABSOLUTE
    ../clib/microlib/init/entry.s            0x00000000   Number         0  entry9b.o ABSOLUTE
    ../clib/microlib/init/entry.s            0x00000000   Number         0  entry9a.o ABSOLUTE
    ../clib/microlib/init/entry.s            0x00000000   Number         0  entry7b.o ABSOLUTE
    ../clib/microlib/init/entry.s            0x00000000   Number         0  entry2.o ABSOLUTE
    ../clib/microlib/init/entry.s            0x00000000   Number         0  entry5.o ABSOLUTE
    ../clib/microlib/init/entry.s            0x00000000   Number         0  entry11b.o ABSOLUTE
    ../clib/microlib/init/entry.s            0x00000000   Number         0  entry.o ABSOLUTE
    ../clib/microlib/init/entry.s            0x00000000   Number         0  entry7a.o ABSOLUTE
    ../clib/microlib/init/entry.s            0x00000000   Number         0  entry11a.o ABSOLUTE
    ../clib/microlib/init/entry.s            0x00000000   Number         0  entry10b.o ABSOLUTE
    ../clib/microlib/init/entry.s            0x00000000   Number         0  entry8a.o ABSOLUTE
    ../clib/microlib/longlong.c              0x00000000   Number         0  llushr.o ABSOLUTE
    ../clib/microlib/longlong.c              0x00000000   Number         0  llshl.o ABSOLUTE
    ../clib/microlib/longlong.c              0x00000000   Number         0  llsshr.o ABSOLUTE
    ../clib/microlib/printf/printf.c         0x00000000   Number         0  printf8.o ABSOLUTE
    ../clib/microlib/printf/printf.c         0x00000000   Number         0  printf6.o ABSOLUTE
    ../clib/microlib/printf/printf.c         0x00000000   Number         0  printf7.o ABSOLUTE
    ../clib/microlib/printf/printf.c         0x00000000   Number         0  printf4.o ABSOLUTE
    ../clib/microlib/printf/printf.c         0x00000000   Number         0  printfb.o ABSOLUTE
    ../clib/microlib/printf/printf.c         0x00000000   Number         0  printfa.o ABSOLUTE
    ../clib/microlib/printf/printf.c         0x00000000   Number         0  printf0.o ABSOLUTE
    ../clib/microlib/printf/printf.c         0x00000000   Number         0  printf1.o ABSOLUTE
    ../clib/microlib/printf/printf.c         0x00000000   Number         0  printf2.o ABSOLUTE
    ../clib/microlib/printf/printf.c         0x00000000   Number         0  printf3.o ABSOLUTE
    ../clib/microlib/printf/printf.c         0x00000000   Number         0  printf5.o ABSOLUTE
    ../clib/microlib/stubs.s                 0x00000000   Number         0  iusefp.o ABSOLUTE
    ../clib/microlib/stubs.s                 0x00000000   Number         0  useno.o ABSOLUTE
    ../fplib/microlib/fpadd.c                0x00000000   Number         0  dadd.o ABSOLUTE
    ../fplib/microlib/fpdiv.c                0x00000000   Number         0  ddiv.o ABSOLUTE
    ../fplib/microlib/fpepilogue.c           0x00000000   Number         0  depilogue.o ABSOLUTE
    ../fplib/microlib/fpfix.c                0x00000000   Number         0  dfixul.o ABSOLUTE
    ../fplib/microlib/fpmul.c                0x00000000   Number         0  dmul.o ABSOLUTE
    C:\Keil_v5\ARM\PACK\Keil\STM32NUCLEO_BSP\1.6.0\Boards\ST\NUCLEO-L152RE\Common\Buttons_NUCLEO_L152RE.c 0x00000000   Number         0  buttons_nucleo_l152re.o ABSOLUTE
    C:\Keil_v5\ARM\PACK\Keil\STM32NUCLEO_BSP\1.6.0\Boards\ST\NUCLEO-L152RE\Common\LED_NUCLEO_L152RE.c 0x00000000   Number         0  led_nucleo_l152re.o ABSOLUTE
    C:\\Keil_v5\\ARM\\PACK\\Keil\\STM32NUCLEO_BSP\\1.6.0\\Boards\\ST\\NUCLEO-L152RE\\Common\\Buttons_NUCLEO_L152RE.c 0x00000000   Number         0  buttons_nucleo_l152re.o ABSOLUTE
    C:\\Keil_v5\\ARM\\PACK\\Keil\\STM32NUCLEO_BSP\\1.6.0\\Boards\\ST\\NUCLEO-L152RE\\Common\\LED_NUCLEO_L152RE.c 0x00000000   Number         0  led_nucleo_l152re.o ABSOLUTE
    RTE\Device\STM32L152RE\startup_stm32l1xx_xl.s 0x00000000   Number         0  startup_stm32l1xx_xl.o ABSOLUTE
    RTE\Device\STM32L152RE\system_stm32l1xx.c 0x00000000   Number         0  system_stm32l1xx.o ABSOLUTE
    RTE\\Device\\STM32L152RE\\system_stm32l1xx.c 0x00000000   Number         0  system_stm32l1xx.o ABSOLUTE
    Retarget.c                               0x00000000   Number         0  retarget.o ABSOLUTE
    Serial.c                                 0x00000000   Number         0  serial.o ABSOLUTE
    Serial.c                                 0x00000000   Number         0  serial.o ABSOLUTE
    cdrcmple.s                               0x00000000   Number         0  cdrcmple.o ABSOLUTE
    dc.s                                     0x00000000   Number         0  dc.o ABSOLUTE
    handlers.s                               0x00000000   Number         0  handlers.o ABSOLUTE
    init.s                                   0x00000000   Number         0  init.o ABSOLUTE
    main.c                                   0x00000000   Number         0  main.o ABSOLUTE
    main.c                                   0x00000000   Number         0  main.o ABSOLUTE
    RESET                                    0x08000000   Section      292  startup_stm32l1xx_xl.o(RESET)
    .ARM.Collect$$$$00000000                 0x08000124   Section        0  entry.o(.ARM.Collect$$$$00000000)
    .ARM.Collect$$$$00000001                 0x08000124   Section        4  entry2.o(.ARM.Collect$$$$00000001)
    .ARM.Collect$$$$00000004                 0x08000128   Section        4  entry5.o(.ARM.Collect$$$$00000004)
    .ARM.Collect$$$$00000008                 0x0800012c   Section        0  entry7b.o(.ARM.Collect$$$$00000008)
    .ARM.Collect$$$$0000000A                 0x0800012c   Section        0  entry8b.o(.ARM.Collect$$$$0000000A)
    .ARM.Collect$$$$0000000B                 0x0800012c   Section        8  entry9a.o(.ARM.Collect$$$$0000000B)
    .ARM.Collect$$$$0000000D                 0x08000134   Section        0  entry10a.o(.ARM.Collect$$$$0000000D)
    .ARM.Collect$$$$0000000F                 0x08000134   Section        0  entry11a.o(.ARM.Collect$$$$0000000F)
    .ARM.Collect$$$$00002712                 0x08000134   Section        4  entry2.o(.ARM.Collect$$$$00002712)
    __lit__00000000                          0x08000134   Data           4  entry2.o(.ARM.Collect$$$$00002712)
    .text                                    0x08000138   Section        0  retarget.o(.text)
    .text                                    0x08000168   Section        0  serial.o(.text)
    .text                                    0x0800020c   Section        0  main.o(.text)
    .text                                    0x08000408   Section        0  buttons_nucleo_l152re.o(.text)
    .text                                    0x0800047c   Section        0  led_nucleo_l152re.o(.text)
    .text                                    0x08000538   Section        0  system_stm32l1xx.o(.text)
    SetSysClock                              0x08000539   Thumb Code   258  system_stm32l1xx.o(.text)
    .text                                    0x0800078c   Section       36  startup_stm32l1xx_xl.o(.text)
    .text                                    0x080007b0   Section       36  init.o(.text)
    i.__0printf$bare                         0x080007d4   Section        0  printfb.o(i.__0printf$bare)
    i.__scatterload_copy                     0x080007e4   Section       14  handlers.o(i.__scatterload_copy)
    i.__scatterload_null                     0x080007f2   Section        2  handlers.o(i.__scatterload_null)
    i.__scatterload_zeroinit                 0x080007f4   Section       14  handlers.o(i.__scatterload_zeroinit)
    i._printf_core                           0x08000802   Section        0  printfb.o(i._printf_core)
    _printf_core                             0x08000803   Thumb Code    34  printfb.o(i._printf_core)
    .constdata                               0x08000824   Section        4  led_nucleo_l152re.o(.constdata)
    .data                                    0x20000000   Section        8  retarget.o(.data)
    .data                                    0x20000008   Section        4  main.o(.data)
    .data                                    0x2000000c   Section       29  system_stm32l1xx.o(.data)
    STACK                                    0x20000030   Section     1024  startup_stm32l1xx_xl.o(STACK)

    Global Symbols

    Symbol Name                              Value     Ov Type        Size  Object(Section)

    BuildAttributes$$THM_ISAv4$P$D$K$B$S$PE$A:L22UL41UL21$X:L11$S22US41US21$IEEE1$IW$USESV6$~STKCKD$USESV7$~SHL$OSPACE$ROPI$EBA8$MICROLIB$REQ8$PRES8$EABIv2 0x00000000   Number         0  anon$$obj.o ABSOLUTE
    __ARM_use_no_argv                        0x00000000   Number         0  main.o ABSOLUTE
    __use_no_errno                           0x00000000   Number         0  useno.o ABSOLUTE
    __use_no_exception_handling              0x00000000   Number         0  useno.o ABSOLUTE
    __use_no_fp                              0x00000000   Number         0  useno.o ABSOLUTE
    __use_no_heap                            0x00000000   Number         0  useno.o ABSOLUTE
    __use_no_heap_region                     0x00000000   Number         0  useno.o ABSOLUTE
    __use_no_semihosting                     0x00000000   Number         0  useno.o ABSOLUTE
    __use_no_semihosting_swi                 0x00000000   Number         0  useno.o ABSOLUTE
    __use_no_signal_handling                 0x00000000   Number         0  useno.o ABSOLUTE
    __cpp_initialize__aeabi_                  - Undefined Weak Reference
    __cxa_finalize                            - Undefined Weak Reference
    __decompress                              - Undefined Weak Reference
    _clock_init                               - Undefined Weak Reference
    _microlib_exit                            - Undefined Weak Reference
    __Vectors_Size                           0x00000124   Number         0  startup_stm32l1xx_xl.o ABSOLUTE
    __Vectors                                0x08000000   Data           4  startup_stm32l1xx_xl.o(RESET)
    __Vectors_End                            0x08000124   Data           0  startup_stm32l1xx_xl.o(RESET)
    __main                                   0x08000125   Thumb Code     0  entry.o(.ARM.Collect$$$$00000000)
    _main_stk                                0x08000125   Thumb Code     0  entry2.o(.ARM.Collect$$$$00000001)
    _main_scatterload                        0x08000129   Thumb Code     0  entry5.o(.ARM.Collect$$$$00000004)
    __main_after_scatterload                 0x0800012d   Thumb Code     0  entry5.o(.ARM.Collect$$$$00000004)
    _main_clock                              0x0800012d   Thumb Code     0  entry7b.o(.ARM.Collect$$$$00000008)
    _main_cpp_init                           0x0800012d   Thumb Code     0  entry8b.o(.ARM.Collect$$$$0000000A)
    _main_init                               0x0800012d   Thumb Code     0  entry9a.o(.ARM.Collect$$$$0000000B)
    __rt_final_cpp                           0x08000135   Thumb Code     0  entry10a.o(.ARM.Collect$$$$0000000D)
    __rt_final_exit                          0x08000135   Thumb Code     0  entry11a.o(.ARM.Collect$$$$0000000F)
    fputc                                    0x08000139   Thumb Code    14  retarget.o(.text)
    fgetc                                    0x08000147   Thumb Code    10  retarget.o(.text)
    ferror                                   0x08000151   Thumb Code     8  retarget.o(.text)
    _ttywrch                                 0x08000159   Thumb Code    12  retarget.o(.text)
    _sys_exit                                0x08000165   Thumb Code     4  retarget.o(.text)
    SER_Initialize                           0x08000169   Thumb Code   100  serial.o(.text)
    SER_PutChar                              0x080001cd   Thumb Code    26  serial.o(.text)
    SER_GetChar                              0x080001e7   Thumb Code    26  serial.o(.text)
    SysTick_Handler                          0x0800020d   Thumb Code    12  main.o(.text)
    Delay                                    0x08000219   Thumb Code    20  main.o(.text)
    SystemCoreClockConfigure                 0x0800022d   Thumb Code   250  main.o(.text)
    main                                     0x08000327   Thumb Code   180  main.o(.text)
    Buttons_Initialize                       0x08000409   Thumb Code    66  buttons_nucleo_l152re.o(.text)
    Buttons_Uninitialize                     0x0800044b   Thumb Code    16  buttons_nucleo_l152re.o(.text)
    Buttons_GetState                         0x0800045b   Thumb Code    20  buttons_nucleo_l152re.o(.text)
    Buttons_GetCount                         0x0800046f   Thumb Code     4  buttons_nucleo_l152re.o(.text)
    LED_Initialize                           0x0800047d   Thumb Code    78  led_nucleo_l152re.o(.text)
    LED_Uninitialize                         0x080004cb   Thumb Code     4  led_nucleo_l152re.o(.text)
    LED_On                                   0x080004cf   Thumb Code    24  led_nucleo_l152re.o(.text)
    LED_Off                                  0x080004e7   Thumb Code    24  led_nucleo_l152re.o(.text)
    LED_SetOut                               0x080004ff   Thumb Code    40  led_nucleo_l152re.o(.text)
    LED_GetCount                             0x08000527   Thumb Code     4  led_nucleo_l152re.o(.text)
    SystemInit                               0x0800063b   Thumb Code    88  system_stm32l1xx.o(.text)
    SystemCoreClockUpdate                    0x08000693   Thumb Code   204  system_stm32l1xx.o(.text)
    Reset_Handler                            0x0800078d   Thumb Code     8  startup_stm32l1xx_xl.o(.text)
    NMI_Handler                              0x08000795   Thumb Code     2  startup_stm32l1xx_xl.o(.text)
    HardFault_Handler                        0x08000797   Thumb Code     2  startup_stm32l1xx_xl.o(.text)
    MemManage_Handler                        0x08000799   Thumb Code     2  startup_stm32l1xx_xl.o(.text)
    BusFault_Handler                         0x0800079b   Thumb Code     2  startup_stm32l1xx_xl.o(.text)
    UsageFault_Handler                       0x0800079d   Thumb Code     2  startup_stm32l1xx_xl.o(.text)
    SVC_Handler                              0x0800079f   Thumb Code     2  startup_stm32l1xx_xl.o(.text)
    DebugMon_Handler                         0x080007a1   Thumb Code     2  startup_stm32l1xx_xl.o(.text)
    PendSV_Handler                           0x080007a3   Thumb Code     2  startup_stm32l1xx_xl.o(.text)
    ADC1_IRQHandler                          0x080007a7   Thumb Code     0  startup_stm32l1xx_xl.o(.text)
    AES_IRQHandler                           0x080007a7   Thumb Code     0  startup_stm32l1xx_xl.o(.text)
    COMP_ACQ_IRQHandler                      0x080007a7   Thumb Code     0  startup_stm32l1xx_xl.o(.text)
    COMP_IRQHandler                          0x080007a7   Thumb Code     0  startup_stm32l1xx_xl.o(.text)
    DAC_IRQHandler                           0x080007a7   Thumb Code     0  startup_stm32l1xx_xl.o(.text)
    DMA1_Channel1_IRQHandler                 0x080007a7   Thumb Code     0  startup_stm32l1xx_xl.o(.text)
    DMA1_Channel2_IRQHandler                 0x080007a7   Thumb Code     0  startup_stm32l1xx_xl.o(.text)
    DMA1_Channel3_IRQHandler                 0x080007a7   Thumb Code     0  startup_stm32l1xx_xl.o(.text)
    DMA1_Channel4_IRQHandler                 0x080007a7   Thumb Code     0  startup_stm32l1xx_xl.o(.text)
    DMA1_Channel5_IRQHandler                 0x080007a7   Thumb Code     0  startup_stm32l1xx_xl.o(.text)
    DMA1_Channel6_IRQHandler                 0x080007a7   Thumb Code     0  startup_stm32l1xx_xl.o(.text)
    DMA1_Channel7_IRQHandler                 0x080007a7   Thumb Code     0  startup_stm32l1xx_xl.o(.text)
    DMA2_Channel1_IRQHandler                 0x080007a7   Thumb Code     0  startup_stm32l1xx_xl.o(.text)
    DMA2_Channel2_IRQHandler                 0x080007a7   Thumb Code     0  startup_stm32l1xx_xl.o(.text)
    DMA2_Channel3_IRQHandler                 0x080007a7   Thumb Code     0  startup_stm32l1xx_xl.o(.text)
    DMA2_Channel4_IRQHandler                 0x080007a7   Thumb Code     0  startup_stm32l1xx_xl.o(.text)
    DMA2_Channel5_IRQHandler                 0x080007a7   Thumb Code     0  startup_stm32l1xx_xl.o(.text)
    EXTI0_IRQHandler                         0x080007a7   Thumb Code     0  startup_stm32l1xx_xl.o(.text)
    EXTI15_10_IRQHandler                     0x080007a7   Thumb Code     0  startup_stm32l1xx_xl.o(.text)
    EXTI1_IRQHandler                         0x080007a7   Thumb Code     0  startup_stm32l1xx_xl.o(.text)
    EXTI2_IRQHandler                         0x080007a7   Thumb Code     0  startup_stm32l1xx_xl.o(.text)
    EXTI3_IRQHandler                         0x080007a7   Thumb Code     0  startup_stm32l1xx_xl.o(.text)
    EXTI4_IRQHandler                         0x080007a7   Thumb Code     0  startup_stm32l1xx_xl.o(.text)
    EXTI9_5_IRQHandler                       0x080007a7   Thumb Code     0  startup_stm32l1xx_xl.o(.text)
    FLASH_IRQHandler                         0x080007a7   Thumb Code     0  startup_stm32l1xx_xl.o(.text)
    I2C1_ER_IRQHandler                       0x080007a7   Thumb Code     0  startup_stm32l1xx_xl.o(.text)
    I2C1_EV_IRQHandler                       0x080007a7   Thumb Code     0  startup_stm32l1xx_xl.o(.text)
    I2C2_ER_IRQHandler                       0x080007a7   Thumb Code     0  startup_stm32l1xx_xl.o(.text)
    I2C2_EV_IRQHandler                       0x080007a7   Thumb Code     0  startup_stm32l1xx_xl.o(.text)
    LCD_IRQHandler                           0x080007a7   Thumb Code     0  startup_stm32l1xx_xl.o(.text)
    PVD_IRQHandler                           0x080007a7   Thumb Code     0  startup_stm32l1xx_xl.o(.text)
    RCC_IRQHandler                           0x080007a7   Thumb Code     0  startup_stm32l1xx_xl.o(.text)
    RTC_Alarm_IRQHandler                     0x080007a7   Thumb Code     0  startup_stm32l1xx_xl.o(.text)
    RTC_WKUP_IRQHandler                      0x080007a7   Thumb Code     0  startup_stm32l1xx_xl.o(.text)
    SPI1_IRQHandler                          0x080007a7   Thumb Code     0  startup_stm32l1xx_xl.o(.text)
    SPI2_IRQHandler                          0x080007a7   Thumb Code     0  startup_stm32l1xx_xl.o(.text)
    SPI3_IRQHandler                          0x080007a7   Thumb Code     0  startup_stm32l1xx_xl.o(.text)
    TAMPER_STAMP_IRQHandler                  0x080007a7   Thumb Code     0  startup_stm32l1xx_xl.o(.text)
    TIM10_IRQHandler                         0x080007a7   Thumb Code     0  startup_stm32l1xx_xl.o(.text)
    TIM11_IRQHandler                         0x080007a7   Thumb Code     0  startup_stm32l1xx_xl.o(.text)
    TIM2_IRQHandler                          0x080007a7   Thumb Code     0  startup_stm32l1xx_xl.o(.text)
    TIM3_IRQHandler                          0x080007a7   Thumb Code     0  startup_stm32l1xx_xl.o(.text)
    TIM4_IRQHandler                          0x080007a7   Thumb Code     0  startup_stm32l1xx_xl.o(.text)
    TIM5_IRQHandler                          0x080007a7   Thumb Code     0  startup_stm32l1xx_xl.o(.text)
    TIM6_IRQHandler                          0x080007a7   Thumb Code     0  startup_stm32l1xx_xl.o(.text)
    TIM7_IRQHandler                          0x080007a7   Thumb Code     0  startup_stm32l1xx_xl.o(.text)
    TIM9_IRQHandler                          0x080007a7   Thumb Code     0  startup_stm32l1xx_xl.o(.text)
    UART4_IRQHandler                         0x080007a7   Thumb Code     0  startup_stm32l1xx_xl.o(.text)
    UART5_IRQHandler                         0x080007a7   Thumb Code     0  startup_stm32l1xx_xl.o(.text)
    USART1_IRQHandler                        0x080007a7   Thumb Code     0  startup_stm32l1xx_xl.o(.text)
    USART2_IRQHandler                        0x080007a7   Thumb Code     0  startup_stm32l1xx_xl.o(.text)
    USART3_IRQHandler                        0x080007a7   Thumb Code     0  startup_stm32l1xx_xl.o(.text)
    USB_FS_WKUP_IRQHandler                   0x080007a7   Thumb Code     0  startup_stm32l1xx_xl.o(.text)
    USB_HP_IRQHandler                        0x080007a7   Thumb Code     0  startup_stm32l1xx_xl.o(.text)
    USB_LP_IRQHandler                        0x080007a7   Thumb Code     0  startup_stm32l1xx_xl.o(.text)
    WWDG_IRQHandler                          0x080007a7   Thumb Code     0  startup_stm32l1xx_xl.o(.text)
    __scatterload                            0x080007b1   Thumb Code    28  init.o(.text)
    __scatterload_rt2                        0x080007b1   Thumb Code     0  init.o(.text)
    __0printf$bare                           0x080007d5   Thumb Code     8  printfb.o(i.__0printf$bare)
    __1printf$bare                           0x080007d5   Thumb Code     0  printfb.o(i.__0printf$bare)
    __2printf                                0x080007d5   Thumb Code     0  printfb.o(i.__0printf$bare)
    __scatterload_copy                       0x080007e5   Thumb Code    14  handlers.o(i.__scatterload_copy)
    __scatterload_null                       0x080007f3   Thumb Code     2  handlers.o(i.__scatterload_null)
    __scatterload_zeroinit                   0x080007f5   Thumb Code    14  handlers.o(i.__scatterload_zeroinit)
    led_mask                                 0x08000824   Data           4  led_nucleo_l152re.o(.constdata)
    Region$$Table$$Base                      0x08000828   Number         0  anon$$obj.o(Region$$Table)
    Region$$Table$$Limit                     0x08000848   Number         0  anon$$obj.o(Region$$Table)
    __stdout                                 0x20000000   Data           4  retarget.o(.data)
    __stdin                                  0x20000004   Data           4  retarget.o(.data)
    msTicks                                  0x20000008   Data           4  main.o(.data)
    SystemCoreClock                          0x2000000c   Data           4  system_stm32l1xx.o(.data)
    PLLMulTable                              0x20000010   Data           9  system_stm32l1xx.o(.data)
    AHBPrescTable                            0x20000019   Data          16  system_stm32l1xx.o(.data)
    __initial_sp                             0x20000430   Data           0  startup_stm32l1xx_xl.o(STACK)



==============================================================================

Memory Map of the image

  Image Entry point : 0x08000125

  Load Region LR_IROM1 (Base: 0x08000000, Size: 0x00000874, Max: 0x00080000, ABSOLUTE)

    Execution Region ER_IROM1 (Exec base: 0x08000000, Load base: 0x08000000, Size: 0x00000848, Max: 0x00080000, ABSOLUTE)

    Exec Addr    Load Addr    Size         Type   Attr      Idx    E Section Name        Object

    0x08000000   0x08000000   0x00000124   Data   RO          206    RESET               startup_stm32l1xx_xl.o
    0x08000124   0x08000124   0x00000000   Code   RO          211  * .ARM.Collect$$$$00000000  mc_w.l(entry.o)
    0x08000124   0x08000124   0x00000004   Code   RO          474    .ARM.Collect$$$$00000001  mc_w.l(entry2.o)
    0x08000128   0x08000128   0x00000004   Code   RO          477    .ARM.Collect$$$$00000004  mc_w.l(entry5.o)
    0x0800012c   0x0800012c   0x00000000   Code   RO          479    .ARM.Collect$$$$00000008  mc_w.l(entry7b.o)
    0x0800012c   0x0800012c   0x00000000   Code   RO          481    .ARM.Collect$$$$0000000A  mc_w.l(entry8b.o)
    0x0800012c   0x0800012c   0x00000008   Code   RO          482    .ARM.Collect$$$$0000000B  mc_w.l(entry9a.o)
    0x08000134   0x08000134   0x00000000   Code   RO          484    .ARM.Collect$$$$0000000D  mc_w.l(entry10a.o)
    0x08000134   0x08000134   0x00000000   Code   RO          486    .ARM.Collect$$$$0000000F  mc_w.l(entry11a.o)
    0x08000134   0x08000134   0x00000004   Code   RO          475    .ARM.Collect$$$$00002712  mc_w.l(entry2.o)
    0x08000138   0x08000138   0x00000030   Code   RO            1    .text               retarget.o
    0x08000168   0x08000168   0x000000a4   Code   RO           37    .text               serial.o
    0x0800020c   0x0800020c   0x000001fc   Code   RO           85    .text               main.o
    0x08000408   0x08000408   0x00000074   Code   RO          126    .text               buttons_nucleo_l152re.o
    0x0800047c   0x0800047c   0x000000bc   Code   RO          150    .text               led_nucleo_l152re.o
    0x08000538   0x08000538   0x00000254   Code   RO          177    .text               system_stm32l1xx.o
    0x0800078c   0x0800078c   0x00000024   Code   RO          207    .text               startup_stm32l1xx_xl.o
    0x080007b0   0x080007b0   0x00000024   Code   RO          503    .text               mc_w.l(init.o)
    0x080007d4   0x080007d4   0x00000010   Code   RO          215    i.__0printf$bare    mc_w.l(printfb.o)
    0x080007e4   0x080007e4   0x0000000e   Code   RO          515    i.__scatterload_copy  mc_w.l(handlers.o)
    0x080007f2   0x080007f2   0x00000002   Code   RO          516    i.__scatterload_null  mc_w.l(handlers.o)
    0x080007f4   0x080007f4   0x0000000e   Code   RO          517    i.__scatterload_zeroinit  mc_w.l(handlers.o)
    0x08000802   0x08000802   0x00000022   Code   RO          222    i._printf_core      mc_w.l(printfb.o)
    0x08000824   0x08000824   0x00000004   Data   RO          151    .constdata          led_nucleo_l152re.o
    0x08000828   0x08000828   0x00000020   Data   RO          513    Region$$Table       anon$$obj.o


    Execution Region RW_IRAM1 (Exec base: 0x20000000, Load base: 0x08000848, Size: 0x00000430, Max: 0x00014000, ABSOLUTE)

    Exec Addr    Load Addr    Size         Type   Attr      Idx    E Section Name        Object

    0x20000000   0x08000848   0x00000008   Data   RW            2    .data               retarget.o
    0x20000008   0x08000850   0x00000004   Data   RW           86    .data               main.o
    0x2000000c   0x08000854   0x0000001d   Data   RW          178    .data               system_stm32l1xx.o
    0x20000029   0x08000871   0x00000007   PAD
    0x20000030        -       0x00000400   Zero   RW          204    STACK               startup_stm32l1xx_xl.o


==============================================================================

Image component sizes


      Code (inc. data)   RO Data    RW Data    ZI Data      Debug   Object Name

       116         10          0          0          0       1036   buttons_nucleo_l152re.o
       188         14          4          0          0       2304   led_nucleo_l152re.o
       508         46          0          4          0      28847   main.o
        48          0          0          8          0       7578   retarget.o
       164         12          0          0          0     185809   serial.o
        36          8        292          0       1024        864   startup_stm32l1xx_xl.o
       596         46          0         29          0       1995   system_stm32l1xx.o

    ----------------------------------------------------------------------
      1656        136        328         44       1028     228433   Object Totals
         0          0         32          0          0          0   (incl. Generated)
         0          0          0          3          4          0   (incl. Padding)

    ----------------------------------------------------------------------

      Code (inc. data)   RO Data    RW Data    ZI Data      Debug   Library Member Name

         0          0          0          0          0          0   entry.o
         0          0          0          0          0          0   entry10a.o
         0          0          0          0          0          0   entry11a.o
         8          4          0          0          0          0   entry2.o
         4          0          0          0          0          0   entry5.o
         0          0          0          0          0          0   entry7b.o
         0          0          0          0          0          0   entry8b.o
         8          4          0          0          0          0   entry9a.o
        30          0          0          0          0          0   handlers.o
        36          8          0          0          0         68   init.o
        50          8          0          0          0        152   printfb.o

    ----------------------------------------------------------------------
       136         24          0          0          0        220   Library Totals
         0          0          0          0          0          0   (incl. Padding)

    ----------------------------------------------------------------------

      Code (inc. data)   RO Data    RW Data    ZI Data      Debug   Library Name

       136         24          0          0          0        220   mc_w.l

    ----------------------------------------------------------------------
       136         24          0          0          0        220   Library Totals

    ----------------------------------------------------------------------

==============================================================================


      Code (inc. data)   RO Data    RW Data    ZI Data      Debug   

      1792        160        328         44       1028     228077   Grand Totals
      1792        160        328         44       1028     228077   ELF Image Totals
      1792        160        328         44          0          0   ROM Totals

==============================================================================

    Total RO  Size (Code + RO Data)                 2120 (   2.07kB)
    Total RW  Size (RW Data + ZI Data)              1072 (   1.05kB)
    Total ROM Size (Code + RO Data + RW Data)       2164 (   2.11kB)

==============================================================================

